------------------------------------------------------------
TimeQuest Timing Analyzer Summary
------------------------------------------------------------

Type  : Slow Model Setup 'Clock'
Slack : 10.328
TNS   : 0.000

Type  : Slow Model Hold 'Clock'
Slack : 0.391
TNS   : 0.000

Type  : Slow Model Recovery 'Clock'
Slack : 16.219
TNS   : 0.000

Type  : Slow Model Removal 'Clock'
Slack : 3.551
TNS   : 0.000

Type  : Slow Model Minimum Pulse Width 'Clock'
Slack : 7.500
TNS   : 0.000

Type  : Slow Model Minimum Pulse Width 'altera_reserved_tck'
Slack : 97.778
TNS   : 0.000

Type  : Fast Model Setup 'Clock'
Slack : 15.461
TNS   : 0.000

Type  : Fast Model Hold 'Clock'
Slack : 0.215
TNS   : 0.000

Type  : Fast Model Recovery 'Clock'
Slack : 17.893
TNS   : 0.000

Type  : Fast Model Removal 'Clock'
Slack : 1.987
TNS   : 0.000

Type  : Fast Model Minimum Pulse Width 'Clock'
Slack : 7.500
TNS   : 0.000

Type  : Fast Model Minimum Pulse Width 'altera_reserved_tck'
Slack : 97.778
TNS   : 0.000

------------------------------------------------------------
