------------------------------------------------------------
TimeQuest Timing Analyzer Summary
------------------------------------------------------------

Type  : Slow Model Setup 'clockPLL_inst|altpll_component|pll|clk[0]'
Slack : 8.999
TNS   : 0.000

Type  : Slow Model Hold 'clockPLL_inst|altpll_component|pll|clk[0]'
Slack : 0.391
TNS   : 0.000

Type  : Slow Model Recovery 'clockPLL_inst|altpll_component|pll|clk[0]'
Slack : 15.654
TNS   : 0.000

Type  : Slow Model Removal 'clockPLL_inst|altpll_component|pll|clk[0]'
Slack : 3.668
TNS   : 0.000

Type  : Slow Model Minimum Pulse Width 'clockPLL_inst|altpll_component|pll|clk[0]'
Slack : 7.873
TNS   : 0.000

Type  : Slow Model Minimum Pulse Width 'Clock'
Slack : 10.000
TNS   : 0.000

Type  : Slow Model Minimum Pulse Width 'altera_reserved_tck'
Slack : 97.778
TNS   : 0.000

Type  : Fast Model Setup 'clockPLL_inst|altpll_component|pll|clk[0]'
Slack : 14.878
TNS   : 0.000

Type  : Fast Model Hold 'clockPLL_inst|altpll_component|pll|clk[0]'
Slack : 0.215
TNS   : 0.000

Type  : Fast Model Recovery 'clockPLL_inst|altpll_component|pll|clk[0]'
Slack : 17.464
TNS   : 0.000

Type  : Fast Model Removal 'clockPLL_inst|altpll_component|pll|clk[0]'
Slack : 2.099
TNS   : 0.000

Type  : Fast Model Minimum Pulse Width 'clockPLL_inst|altpll_component|pll|clk[0]'
Slack : 7.873
TNS   : 0.000

Type  : Fast Model Minimum Pulse Width 'Clock'
Slack : 10.000
TNS   : 0.000

Type  : Fast Model Minimum Pulse Width 'altera_reserved_tck'
Slack : 97.778
TNS   : 0.000

------------------------------------------------------------
