Archive member included because of file (symbol)

../lights_bsp/\libhal_bsp.a(alt_load.o)
                              ../lights_bsp//obj/HAL/src/crt0.o (alt_load)
../lights_bsp/\libhal_bsp.a(alt_main.o)
                              ../lights_bsp//obj/HAL/src/crt0.o (alt_main)
../lights_bsp/\libhal_bsp.a(alt_sys_init.o)
                              ../lights_bsp/\libhal_bsp.a(alt_main.o) (alt_irq_init)
../lights_bsp/\libhal_bsp.a(altera_avalon_jtag_uart_fd.o)
                              ../lights_bsp/\libhal_bsp.a(alt_sys_init.o) (altera_avalon_jtag_uart_read_fd)
../lights_bsp/\libhal_bsp.a(altera_avalon_jtag_uart_read.o)
                              ../lights_bsp/\libhal_bsp.a(altera_avalon_jtag_uart_fd.o) (altera_avalon_jtag_uart_read)
../lights_bsp/\libhal_bsp.a(altera_avalon_jtag_uart_write.o)
                              ../lights_bsp/\libhal_bsp.a(altera_avalon_jtag_uart_fd.o) (altera_avalon_jtag_uart_write)
../lights_bsp/\libhal_bsp.a(alt_close.o)
                              ../lights_bsp/\libhal_bsp.a(alt_main.o) (close)
../lights_bsp/\libhal_bsp.a(alt_dcache_flush_all.o)
                              ../lights_bsp/\libhal_bsp.a(alt_load.o) (alt_dcache_flush_all)
../lights_bsp/\libhal_bsp.a(alt_dev.o)
                              ../lights_bsp/\libhal_bsp.a(alt_sys_init.o) (alt_dev_list)
../lights_bsp/\libhal_bsp.a(alt_dev_llist_insert.o)
                              ../lights_bsp/\libhal_bsp.a(alt_sys_init.o) (alt_dev_llist_insert)
../lights_bsp/\libhal_bsp.a(alt_do_ctors.o)
                              ../lights_bsp/\libhal_bsp.a(alt_main.o) (_do_ctors)
../lights_bsp/\libhal_bsp.a(alt_do_dtors.o)
                              ../lights_bsp/\libhal_bsp.a(alt_main.o) (_do_dtors)
../lights_bsp/\libhal_bsp.a(alt_errno.o)
                              ../lights_bsp/\libhal_bsp.a(alt_close.o) (alt_errno)
../lights_bsp/\libhal_bsp.a(alt_icache_flush_all.o)
                              ../lights_bsp/\libhal_bsp.a(alt_load.o) (alt_icache_flush_all)
../lights_bsp/\libhal_bsp.a(alt_io_redirect.o)
                              ../lights_bsp/\libhal_bsp.a(alt_main.o) (alt_io_redirect)
../lights_bsp/\libhal_bsp.a(alt_open.o)
                              ../lights_bsp/\libhal_bsp.a(alt_io_redirect.o) (open)
../lights_bsp/\libhal_bsp.a(alt_release_fd.o)
                              ../lights_bsp/\libhal_bsp.a(alt_close.o) (alt_release_fd)
../lights_bsp/\libhal_bsp.a(altera_nios2_qsys_irq.o)
                              ../lights_bsp/\libhal_bsp.a(alt_sys_init.o) (altera_nios2_qsys_irq_init)
../lights_bsp/\libhal_bsp.a(alt_find_dev.o)
                              ../lights_bsp/\libhal_bsp.a(alt_open.o) (alt_find_dev)
../lights_bsp/\libhal_bsp.a(alt_find_file.o)
                              ../lights_bsp/\libhal_bsp.a(alt_open.o) (alt_find_file)
../lights_bsp/\libhal_bsp.a(alt_get_fd.o)
                              ../lights_bsp/\libhal_bsp.a(alt_open.o) (alt_get_fd)
c:/altera/13.0sp1/nios2eds/bin/gnu/h-i686-mingw32/bin/../lib/gcc/nios2-elf/4.1.2/../../../../nios2-elf/lib/mno-hw-mul\libsmallc.a(lib_a-atexit.o)
                              ../lights_bsp/\libhal_bsp.a(alt_main.o) (atexit)
c:/altera/13.0sp1/nios2eds/bin/gnu/h-i686-mingw32/bin/../lib/gcc/nios2-elf/4.1.2/../../../../nios2-elf/lib/mno-hw-mul\libsmallc.a(lib_a-exit.o)
                              ../lights_bsp/\libhal_bsp.a(alt_main.o) (exit)
c:/altera/13.0sp1/nios2eds/bin/gnu/h-i686-mingw32/bin/../lib/gcc/nios2-elf/4.1.2/../../../../nios2-elf/lib/mno-hw-mul\libsmallc.a(lib_a-int_errno.o)
                              ../lights_bsp/\libhal_bsp.a(alt_close.o) (errno)
c:/altera/13.0sp1/nios2eds/bin/gnu/h-i686-mingw32/bin/../lib/gcc/nios2-elf/4.1.2/../../../../nios2-elf/lib/mno-hw-mul\libsmallc.a(lib_a-memcmp.o)
                              ../lights_bsp/\libhal_bsp.a(alt_find_dev.o) (memcmp)
c:/altera/13.0sp1/nios2eds/bin/gnu/h-i686-mingw32/bin/../lib/gcc/nios2-elf/4.1.2/../../../../nios2-elf/lib/mno-hw-mul\libsmallc.a(lib_a-strlen.o)
                              ../lights_bsp/\libhal_bsp.a(alt_find_dev.o) (strlen)
c:/altera/13.0sp1/nios2eds/bin/gnu/h-i686-mingw32/bin/../lib/gcc/nios2-elf/4.1.2/../../../../nios2-elf/lib/mno-hw-mul\libsmallc.a(lib_a-__atexit.o)
                              c:/altera/13.0sp1/nios2eds/bin/gnu/h-i686-mingw32/bin/../lib/gcc/nios2-elf/4.1.2/../../../../nios2-elf/lib/mno-hw-mul\libsmallc.a(lib_a-atexit.o) (__register_exitproc)
c:/altera/13.0sp1/nios2eds/bin/gnu/h-i686-mingw32/bin/../lib/gcc/nios2-elf/4.1.2/../../../../nios2-elf/lib/mno-hw-mul\libsmallc.a(lib_a-__call_atexit.o)
                              c:/altera/13.0sp1/nios2eds/bin/gnu/h-i686-mingw32/bin/../lib/gcc/nios2-elf/4.1.2/../../../../nios2-elf/lib/mno-hw-mul\libsmallc.a(lib_a-exit.o) (__call_exitprocs)
c:/altera/13.0sp1/nios2eds/bin/gnu/h-i686-mingw32/bin/../lib/gcc/nios2-elf/4.1.2/../../../../nios2-elf/lib/mno-hw-mul\libsmallc.a(lib_a-impure.o)
                              c:/altera/13.0sp1/nios2eds/bin/gnu/h-i686-mingw32/bin/../lib/gcc/nios2-elf/4.1.2/../../../../nios2-elf/lib/mno-hw-mul\libsmallc.a(lib_a-__atexit.o) (_global_impure_ptr)
c:/altera/13.0sp1/nios2eds/bin/gnu/h-i686-mingw32/bin/../lib/gcc/nios2-elf/4.1.2/mno-hw-mul\libgcc.a(lib2-mul.o)
                              ../lights_bsp/\libhal_bsp.a(alt_close.o) (__mulsi3)
../lights_bsp/\libhal_bsp.a(alt_exit.o)
                              c:/altera/13.0sp1/nios2eds/bin/gnu/h-i686-mingw32/bin/../lib/gcc/nios2-elf/4.1.2/../../../../nios2-elf/lib/mno-hw-mul\libsmallc.a(lib_a-exit.o) (_exit)

Allocating common symbols
Common symbol       size              file

errno               0x4               c:/altera/13.0sp1/nios2eds/bin/gnu/h-i686-mingw32/bin/../lib/gcc/nios2-elf/4.1.2/../../../../nios2-elf/lib/mno-hw-mul\libsmallc.a(lib_a-int_errno.o)
_atexit0            0x8c              c:/altera/13.0sp1/nios2eds/bin/gnu/h-i686-mingw32/bin/../lib/gcc/nios2-elf/4.1.2/../../../../nios2-elf/lib/mno-hw-mul\libsmallc.a(lib_a-atexit.o)

Memory Configuration

Name             Origin             Length             Attributes
reset            0x00002000         0x00000020
onchip_memory2_0 0x00002020         0x00001fe0
*default*        0x00000000         0xffffffff

Linker script and memory map

LOAD ../lights_bsp//obj/HAL/src/crt0.o
LOAD obj/default/lights.o
LOAD c:/altera/13.0sp1/nios2eds/bin/gnu/h-i686-mingw32/bin/../lib/gcc/nios2-elf/4.1.2/../../../../nios2-elf/lib/mno-hw-mul\libstdc++.a
LOAD c:/altera/13.0sp1/nios2eds/bin/gnu/h-i686-mingw32/bin/../lib/gcc/nios2-elf/4.1.2/../../../../nios2-elf/lib/mno-hw-mul\libm.a
LOAD c:/altera/13.0sp1/nios2eds/bin/gnu/h-i686-mingw32/bin/../lib/gcc/nios2-elf/4.1.2/mno-hw-mul\libgcc.a
START GROUP
LOAD c:/altera/13.0sp1/nios2eds/bin/gnu/h-i686-mingw32/bin/../lib/gcc/nios2-elf/4.1.2/../../../../nios2-elf/lib/mno-hw-mul\libsmallc.a
LOAD c:/altera/13.0sp1/nios2eds/bin/gnu/h-i686-mingw32/bin/../lib/gcc/nios2-elf/4.1.2/mno-hw-mul\libgcc.a
LOAD ../lights_bsp/\libhal_bsp.a
END GROUP
LOAD c:/altera/13.0sp1/nios2eds/bin/gnu/h-i686-mingw32/bin/../lib/gcc/nios2-elf/4.1.2/mno-hw-mul\libgcc.a
                0x00002000                __alt_mem_onchip_memory2_0 = 0x2000

.entry          0x00002000       0x20
 *(.entry)
 .entry         0x00002000       0x20 ../lights_bsp//obj/HAL/src/crt0.o
                0x00002000                __reset

.exceptions     0x00002020        0x0
                0x00002020                PROVIDE (__ram_exceptions_start, ABSOLUTE (.))
                0x00002020                . = ALIGN (0x20)
 *(.irq)
 *(.exceptions.entry.label)
 *(.exceptions.entry.user)
 *(.exceptions.entry)
 *(.exceptions.irqtest.user)
 *(.exceptions.irqtest)
 *(.exceptions.irqhandler.user)
 *(.exceptions.irqhandler)
 *(.exceptions.irqreturn.user)
 *(.exceptions.irqreturn)
 *(.exceptions.notirq.label)
 *(.exceptions.notirq.user)
 *(.exceptions.notirq)
 *(.exceptions.soft.user)
 *(.exceptions.soft)
 *(.exceptions.unknown.user)
 *(.exceptions.unknown)
 *(.exceptions.exit.label)
 *(.exceptions.exit.user)
 *(.exceptions.exit)
 *(.exceptions)
                0x00002020                PROVIDE (__ram_exceptions_end, ABSOLUTE (.))
                0x00002020                PROVIDE (__flash_exceptions_start, LOADADDR (.exceptions))

.text           0x00002020     0x13f0
                0x00002020                PROVIDE (stext, ABSOLUTE (.))
 *(.interp)
 *(.hash)
 *(.dynsym)
 *(.dynstr)
 *(.gnu.version)
 *(.gnu.version_d)
 *(.gnu.version_r)
 *(.rel.init)
 *(.rela.init)
 *(.rel.text .rel.text.* .rel.gnu.linkonce.t.*)
 *(.rela.text .rela.text.* .rela.gnu.linkonce.t.*)
 *(.rel.fini)
 *(.rela.fini)
 *(.rel.rodata .rel.rodata.* .rel.gnu.linkonce.r.*)
 *(.rela.rodata .rela.rodata.* .rela.gnu.linkonce.r.*)
 *(.rel.data .rel.data.* .rel.gnu.linkonce.d.*)
 *(.rela.data .rela.data.* .rela.gnu.linkonce.d.*)
 *(.rel.tdata .rel.tdata.* .rel.gnu.linkonce.td.*)
 *(.rela.tdata .rela.tdata.* .rela.gnu.linkonce.td.*)
 *(.rel.tbss .rel.tbss.* .rel.gnu.linkonce.tb.*)
 *(.rela.tbss .rela.tbss.* .rela.gnu.linkonce.tb.*)
 *(.rel.ctors)
 *(.rela.ctors)
 *(.rel.dtors)
 *(.rela.dtors)
 *(.rel.got)
 *(.rela.got)
 *(.rel.sdata .rel.sdata.* .rel.gnu.linkonce.s.*)
 *(.rela.sdata .rela.sdata.* .rela.gnu.linkonce.s.*)
 *(.rel.sbss .rel.sbss.* .rel.gnu.linkonce.sb.*)
 *(.rela.sbss .rela.sbss.* .rela.gnu.linkonce.sb.*)
 *(.rel.sdata2 .rel.sdata2.* .rel.gnu.linkonce.s2.*)
 *(.rela.sdata2 .rela.sdata2.* .rela.gnu.linkonce.s2.*)
 *(.rel.sbss2 .rel.sbss2.* .rel.gnu.linkonce.sb2.*)
 *(.rela.sbss2 .rela.sbss2.* .rela.gnu.linkonce.sb2.*)
 *(.rel.bss .rel.bss.* .rel.gnu.linkonce.b.*)
 *(.rela.bss .rela.bss.* .rela.gnu.linkonce.b.*)
 *(.rel.plt)
 *(.rela.plt)
 *(.rel.dyn)
 *(.init)
 *(.plt)
 *(.text .stub .text.* .gnu.linkonce.t.*)
 .text          0x00002020       0x3c ../lights_bsp//obj/HAL/src/crt0.o
                0x00002020                _start
 .text          0x0000205c       0x20 obj/default/lights.o
                0x0000205c                main
 .text          0x0000207c       0xec ../lights_bsp/\libhal_bsp.a(alt_load.o)
                0x0000207c                alt_load
 .text          0x00002168       0x6c ../lights_bsp/\libhal_bsp.a(alt_main.o)
                0x00002168                alt_main
 .text          0x000021d4       0x9c ../lights_bsp/\libhal_bsp.a(alt_sys_init.o)
                0x000021d4                alt_irq_init
                0x00002208                alt_sys_init
 .text          0x00002270       0xb0 ../lights_bsp/\libhal_bsp.a(altera_avalon_jtag_uart_fd.o)
                0x00002270                altera_avalon_jtag_uart_read_fd
                0x000022c8                altera_avalon_jtag_uart_write_fd
 .text          0x00002320      0x104 ../lights_bsp/\libhal_bsp.a(altera_avalon_jtag_uart_read.o)
                0x00002320                altera_avalon_jtag_uart_read
 .text          0x00002424       0xa4 ../lights_bsp/\libhal_bsp.a(altera_avalon_jtag_uart_write.o)
                0x00002424                altera_avalon_jtag_uart_write
 .text          0x000024c8      0x160 ../lights_bsp/\libhal_bsp.a(alt_close.o)
                0x000024c8                close
 .text          0x00002628       0x1c ../lights_bsp/\libhal_bsp.a(alt_dcache_flush_all.o)
                0x00002628                alt_dcache_flush_all
 .text          0x00002644       0x2c ../lights_bsp/\libhal_bsp.a(alt_dev.o)
 .text          0x00002670      0x114 ../lights_bsp/\libhal_bsp.a(alt_dev_llist_insert.o)
                0x00002670                alt_dev_llist_insert
 .text          0x00002784       0x64 ../lights_bsp/\libhal_bsp.a(alt_do_ctors.o)
                0x00002784                _do_ctors
 .text          0x000027e8       0x64 ../lights_bsp/\libhal_bsp.a(alt_do_dtors.o)
                0x000027e8                _do_dtors
 .text          0x0000284c        0x0 ../lights_bsp/\libhal_bsp.a(alt_errno.o)
 .text          0x0000284c       0x1c ../lights_bsp/\libhal_bsp.a(alt_icache_flush_all.o)
                0x0000284c                alt_icache_flush_all
 .text          0x00002868      0x150 ../lights_bsp/\libhal_bsp.a(alt_io_redirect.o)
                0x00002940                alt_io_redirect
 .text          0x000029b8      0x2e4 ../lights_bsp/\libhal_bsp.a(alt_open.o)
                0x00002ab0                open
 .text          0x00002c9c       0x78 ../lights_bsp/\libhal_bsp.a(alt_release_fd.o)
                0x00002c9c                alt_release_fd
 .text          0x00002d14       0x20 ../lights_bsp/\libhal_bsp.a(altera_nios2_qsys_irq.o)
                0x00002d14                altera_nios2_qsys_irq_init
 .text          0x00002d34       0x94 ../lights_bsp/\libhal_bsp.a(alt_find_dev.o)
                0x00002d34                alt_find_dev
 .text          0x00002dc8      0x120 ../lights_bsp/\libhal_bsp.a(alt_find_file.o)
                0x00002dc8                alt_find_file
 .text          0x00002ee8       0xd0 ../lights_bsp/\libhal_bsp.a(alt_get_fd.o)
                0x00002ee8                alt_get_fd
 .text          0x00002fb8       0x14 c:/altera/13.0sp1/nios2eds/bin/gnu/h-i686-mingw32/bin/../lib/gcc/nios2-elf/4.1.2/../../../../nios2-elf/lib/mno-hw-mul\libsmallc.a(lib_a-atexit.o)
                0x00002fb8                atexit
 .text          0x00002fcc       0x20 c:/altera/13.0sp1/nios2eds/bin/gnu/h-i686-mingw32/bin/../lib/gcc/nios2-elf/4.1.2/../../../../nios2-elf/lib/mno-hw-mul\libsmallc.a(lib_a-exit.o)
                0x00002fcc                exit
 .text          0x00002fec        0x0 c:/altera/13.0sp1/nios2eds/bin/gnu/h-i686-mingw32/bin/../lib/gcc/nios2-elf/4.1.2/../../../../nios2-elf/lib/mno-hw-mul\libsmallc.a(lib_a-int_errno.o)
 .text          0x00002fec       0x3c c:/altera/13.0sp1/nios2eds/bin/gnu/h-i686-mingw32/bin/../lib/gcc/nios2-elf/4.1.2/../../../../nios2-elf/lib/mno-hw-mul\libsmallc.a(lib_a-memcmp.o)
                0x00002fec                memcmp
 .text          0x00003028       0x20 c:/altera/13.0sp1/nios2eds/bin/gnu/h-i686-mingw32/bin/../lib/gcc/nios2-elf/4.1.2/../../../../nios2-elf/lib/mno-hw-mul\libsmallc.a(lib_a-strlen.o)
                0x00003028                strlen
 .text          0x00003048      0x16c c:/altera/13.0sp1/nios2eds/bin/gnu/h-i686-mingw32/bin/../lib/gcc/nios2-elf/4.1.2/../../../../nios2-elf/lib/mno-hw-mul\libsmallc.a(lib_a-__atexit.o)
                0x00003048                __register_exitproc
 .text          0x000031b4      0x1c0 c:/altera/13.0sp1/nios2eds/bin/gnu/h-i686-mingw32/bin/../lib/gcc/nios2-elf/4.1.2/../../../../nios2-elf/lib/mno-hw-mul\libsmallc.a(lib_a-__call_atexit.o)
                0x000031b8                __call_exitprocs
 .text          0x00003374        0x0 c:/altera/13.0sp1/nios2eds/bin/gnu/h-i686-mingw32/bin/../lib/gcc/nios2-elf/4.1.2/../../../../nios2-elf/lib/mno-hw-mul\libsmallc.a(lib_a-impure.o)
 .text          0x00003374       0x38 c:/altera/13.0sp1/nios2eds/bin/gnu/h-i686-mingw32/bin/../lib/gcc/nios2-elf/4.1.2/mno-hw-mul\libgcc.a(lib2-mul.o)
                0x00003374                __mulsi3
 .text          0x000033ac       0x60 ../lights_bsp/\libhal_bsp.a(alt_exit.o)
                0x000033ec                _exit
 *(.gnu.warning.*)
 *(.fini)
                0x0000340c                PROVIDE (__etext, ABSOLUTE (.))
                0x0000340c                PROVIDE (_etext, ABSOLUTE (.))
                0x0000340c                PROVIDE (etext, ABSOLUTE (.))
 *(.eh_frame_hdr)
                0x0000340c                . = ALIGN (0x4)
                0x0000340c                PROVIDE (__preinit_array_start, ABSOLUTE (.))
 *(.preinit_array)
                0x0000340c                PROVIDE (__preinit_array_end, ABSOLUTE (.))
                0x0000340c                PROVIDE (__init_array_start, ABSOLUTE (.))
 *(.init_array)
                0x0000340c                PROVIDE (__init_array_end, ABSOLUTE (.))
                0x0000340c                PROVIDE (__fini_array_start, ABSOLUTE (.))
 *(.fini_array)
                0x0000340c                PROVIDE (__fini_array_end, ABSOLUTE (.))
 *(.eh_frame)
 *(.gcc_except_table)
 *(.dynamic)
                0x0000340c                PROVIDE (__CTOR_LIST__, ABSOLUTE (.))
 *(.ctors)
 *(SORT(.ctors.*))
 .ctors.65535   0x0000340c        0x4 c:/altera/13.0sp1/nios2eds/bin/gnu/h-i686-mingw32/bin/../lib/gcc/nios2-elf/4.1.2/../../../../nios2-elf/lib/mno-hw-mul\libsmallc.a(lib_a-__call_atexit.o)
                0x00003410                PROVIDE (__CTOR_END__, ABSOLUTE (.))
                0x00003410                PROVIDE (__DTOR_LIST__, ABSOLUTE (.))
 *(.dtors)
 *(SORT(.dtors.*))
                0x00003410                PROVIDE (__DTOR_END__, ABSOLUTE (.))
 *(.jcr)
                0x00003410                . = ALIGN (0x4)

.rodata         0x00003410       0x34
                0x00003410                PROVIDE (__ram_rodata_start, ABSOLUTE (.))
                0x00003410                . = ALIGN (0x4)
 *(.rodata .rodata.* .gnu.linkonce.r.*)
 .rodata        0x00003410       0x14 ../lights_bsp/\libhal_bsp.a(alt_main.o)
 .rodata        0x00003424       0x14 ../lights_bsp/\libhal_bsp.a(alt_sys_init.o)
 .rodata        0x00003438        0xc ../lights_bsp/\libhal_bsp.a(alt_dev.o)
 *(.rodata1)
                0x00003444                . = ALIGN (0x4)
                0x00003444                PROVIDE (__ram_rodata_end, ABSOLUTE (.))
                0x00003410                PROVIDE (__flash_rodata_start, LOADADDR (.rodata))

.rwdata         0x00003444      0x2d4 load address 0x00003718
                0x00003444                PROVIDE (__ram_rwdata_start, ABSOLUTE (.))
                0x00003444                . = ALIGN (0x4)
 *(.got.plt)
 *(.got)
 *(.data1)
 *(.data .data.* .gnu.linkonce.d.*)
 .data          0x00003444        0x0 ../lights_bsp//obj/HAL/src/crt0.o
 .data          0x00003444        0x0 obj/default/lights.o
 .data          0x00003444        0x0 ../lights_bsp/\libhal_bsp.a(alt_load.o)
 .data          0x00003444        0x0 ../lights_bsp/\libhal_bsp.a(alt_main.o)
 .data          0x00003444       0x2c ../lights_bsp/\libhal_bsp.a(alt_sys_init.o)
 .data          0x00003470        0x0 ../lights_bsp/\libhal_bsp.a(altera_avalon_jtag_uart_fd.o)
 .data          0x00003470        0x0 ../lights_bsp/\libhal_bsp.a(altera_avalon_jtag_uart_read.o)
 .data          0x00003470        0x0 ../lights_bsp/\libhal_bsp.a(altera_avalon_jtag_uart_write.o)
 .data          0x00003470        0x0 ../lights_bsp/\libhal_bsp.a(alt_close.o)
 .data          0x00003470        0x0 ../lights_bsp/\libhal_bsp.a(alt_dcache_flush_all.o)
 .data          0x00003470      0x1a8 ../lights_bsp/\libhal_bsp.a(alt_dev.o)
                0x00003470                alt_dev_null
                0x00003498                alt_fd_list
 .data          0x00003618        0x0 ../lights_bsp/\libhal_bsp.a(alt_dev_llist_insert.o)
 .data          0x00003618        0x0 ../lights_bsp/\libhal_bsp.a(alt_do_ctors.o)
 .data          0x00003618        0x0 ../lights_bsp/\libhal_bsp.a(alt_do_dtors.o)
 .data          0x00003618        0x0 ../lights_bsp/\libhal_bsp.a(alt_errno.o)
 .data          0x00003618        0x0 ../lights_bsp/\libhal_bsp.a(alt_icache_flush_all.o)
 .data          0x00003618        0x0 ../lights_bsp/\libhal_bsp.a(alt_io_redirect.o)
 .data          0x00003618        0x0 ../lights_bsp/\libhal_bsp.a(alt_open.o)
 .data          0x00003618        0x0 ../lights_bsp/\libhal_bsp.a(alt_release_fd.o)
 .data          0x00003618        0x0 ../lights_bsp/\libhal_bsp.a(altera_nios2_qsys_irq.o)
 .data          0x00003618        0x0 ../lights_bsp/\libhal_bsp.a(alt_find_dev.o)
 .data          0x00003618        0x0 ../lights_bsp/\libhal_bsp.a(alt_find_file.o)
 .data          0x00003618        0x0 ../lights_bsp/\libhal_bsp.a(alt_get_fd.o)
 .data          0x00003618        0x0 c:/altera/13.0sp1/nios2eds/bin/gnu/h-i686-mingw32/bin/../lib/gcc/nios2-elf/4.1.2/../../../../nios2-elf/lib/mno-hw-mul\libsmallc.a(lib_a-atexit.o)
 .data          0x00003618        0x0 c:/altera/13.0sp1/nios2eds/bin/gnu/h-i686-mingw32/bin/../lib/gcc/nios2-elf/4.1.2/../../../../nios2-elf/lib/mno-hw-mul\libsmallc.a(lib_a-exit.o)
 .data          0x00003618        0x0 c:/altera/13.0sp1/nios2eds/bin/gnu/h-i686-mingw32/bin/../lib/gcc/nios2-elf/4.1.2/../../../../nios2-elf/lib/mno-hw-mul\libsmallc.a(lib_a-int_errno.o)
 .data          0x00003618        0x0 c:/altera/13.0sp1/nios2eds/bin/gnu/h-i686-mingw32/bin/../lib/gcc/nios2-elf/4.1.2/../../../../nios2-elf/lib/mno-hw-mul\libsmallc.a(lib_a-memcmp.o)
 .data          0x00003618        0x0 c:/altera/13.0sp1/nios2eds/bin/gnu/h-i686-mingw32/bin/../lib/gcc/nios2-elf/4.1.2/../../../../nios2-elf/lib/mno-hw-mul\libsmallc.a(lib_a-strlen.o)
 .data          0x00003618        0x0 c:/altera/13.0sp1/nios2eds/bin/gnu/h-i686-mingw32/bin/../lib/gcc/nios2-elf/4.1.2/../../../../nios2-elf/lib/mno-hw-mul\libsmallc.a(lib_a-__atexit.o)
 .data          0x00003618        0x0 c:/altera/13.0sp1/nios2eds/bin/gnu/h-i686-mingw32/bin/../lib/gcc/nios2-elf/4.1.2/../../../../nios2-elf/lib/mno-hw-mul\libsmallc.a(lib_a-__call_atexit.o)
 .data          0x00003618       0xe0 c:/altera/13.0sp1/nios2eds/bin/gnu/h-i686-mingw32/bin/../lib/gcc/nios2-elf/4.1.2/../../../../nios2-elf/lib/mno-hw-mul\libsmallc.a(lib_a-impure.o)
 .data          0x000036f8        0x0 c:/altera/13.0sp1/nios2eds/bin/gnu/h-i686-mingw32/bin/../lib/gcc/nios2-elf/4.1.2/mno-hw-mul\libgcc.a(lib2-mul.o)
 .data          0x000036f8        0x0 ../lights_bsp/\libhal_bsp.a(alt_exit.o)
                0x0000b6f8                _gp = ABSOLUTE ((. + 0x8000))
                0x0000b6f8                PROVIDE (gp, _gp)
 *(.rwdata .rwdata.*)
 *(.sdata .sdata.* .gnu.linkonce.s.*)
 .sdata         0x000036f8       0x14 ../lights_bsp/\libhal_bsp.a(alt_dev.o)
                0x000036f8                alt_fs_list
                0x00003700                alt_dev_list
                0x00003708                alt_max_fd
 .sdata         0x0000370c        0x4 ../lights_bsp/\libhal_bsp.a(alt_errno.o)
                0x0000370c                alt_errno
 .sdata         0x00003710        0x8 c:/altera/13.0sp1/nios2eds/bin/gnu/h-i686-mingw32/bin/../lib/gcc/nios2-elf/4.1.2/../../../../nios2-elf/lib/mno-hw-mul\libsmallc.a(lib_a-impure.o)
                0x00003710                _impure_ptr
                0x00003714                _global_impure_ptr
 *(.sdata2 .sdata2.* .gnu.linkonce.s2.*)
                0x00003718                . = ALIGN (0x4)
                0x00003718                _edata = ABSOLUTE (.)
                0x00003718                PROVIDE (edata, ABSOLUTE (.))
                0x00003718                PROVIDE (__ram_rwdata_end, ABSOLUTE (.))
                0x00003718                PROVIDE (__flash_rwdata_start, LOADADDR (.rwdata))

.bss            0x000039ec       0x9c
                0x000039ec                __bss_start = ABSOLUTE (.)
                0x000039ec                PROVIDE (__sbss_start, ABSOLUTE (.))
                0x000039ec                PROVIDE (___sbss_start, ABSOLUTE (.))
 *(.dynsbss)
 *(.sbss .sbss.* .gnu.linkonce.sb.*)
 .sbss          0x000039ec        0xc ../lights_bsp/\libhal_bsp.a(alt_main.o)
                0x000039ec                alt_argc
                0x000039f0                alt_argv
                0x000039f4                alt_envp
 .sbss          0x000039f8        0x4 c:/altera/13.0sp1/nios2eds/bin/gnu/h-i686-mingw32/bin/../lib/gcc/nios2-elf/4.1.2/../../../../nios2-elf/lib/mno-hw-mul\libsmallc.a(lib_a-int_errno.o)
                0x000039f8                errno
 *(.sbss2 .sbss2.* .gnu.linkonce.sb2.*)
 *(.scommon)
                0x000039fc                PROVIDE (__sbss_end, ABSOLUTE (.))
                0x000039fc                PROVIDE (___sbss_end, ABSOLUTE (.))
 *(.dynbss)
 *(.bss .bss.* .gnu.linkonce.b.*)
 .bss           0x000039fc        0x0 ../lights_bsp//obj/HAL/src/crt0.o
 .bss           0x000039fc        0x0 obj/default/lights.o
 .bss           0x000039fc        0x0 ../lights_bsp/\libhal_bsp.a(alt_load.o)
 .bss           0x000039fc        0x0 ../lights_bsp/\libhal_bsp.a(alt_main.o)
 .bss           0x000039fc        0x0 ../lights_bsp/\libhal_bsp.a(alt_sys_init.o)
 .bss           0x000039fc        0x0 ../lights_bsp/\libhal_bsp.a(altera_avalon_jtag_uart_fd.o)
 .bss           0x000039fc        0x0 ../lights_bsp/\libhal_bsp.a(altera_avalon_jtag_uart_read.o)
 .bss           0x000039fc        0x0 ../lights_bsp/\libhal_bsp.a(altera_avalon_jtag_uart_write.o)
 .bss           0x000039fc        0x0 ../lights_bsp/\libhal_bsp.a(alt_close.o)
 .bss           0x000039fc        0x0 ../lights_bsp/\libhal_bsp.a(alt_dcache_flush_all.o)
 .bss           0x000039fc        0x0 ../lights_bsp/\libhal_bsp.a(alt_dev.o)
 .bss           0x000039fc        0x0 ../lights_bsp/\libhal_bsp.a(alt_dev_llist_insert.o)
 .bss           0x000039fc        0x0 ../lights_bsp/\libhal_bsp.a(alt_do_ctors.o)
 .bss           0x000039fc        0x0 ../lights_bsp/\libhal_bsp.a(alt_do_dtors.o)
 .bss           0x000039fc        0x0 ../lights_bsp/\libhal_bsp.a(alt_errno.o)
 .bss           0x000039fc        0x0 ../lights_bsp/\libhal_bsp.a(alt_icache_flush_all.o)
 .bss           0x000039fc        0x0 ../lights_bsp/\libhal_bsp.a(alt_io_redirect.o)
 .bss           0x000039fc        0x0 ../lights_bsp/\libhal_bsp.a(alt_open.o)
 .bss           0x000039fc        0x0 ../lights_bsp/\libhal_bsp.a(alt_release_fd.o)
 .bss           0x000039fc        0x0 ../lights_bsp/\libhal_bsp.a(altera_nios2_qsys_irq.o)
 .bss           0x000039fc        0x0 ../lights_bsp/\libhal_bsp.a(alt_find_dev.o)
 .bss           0x000039fc        0x0 ../lights_bsp/\libhal_bsp.a(alt_find_file.o)
 .bss           0x000039fc        0x0 ../lights_bsp/\libhal_bsp.a(alt_get_fd.o)
 .bss           0x000039fc        0x0 c:/altera/13.0sp1/nios2eds/bin/gnu/h-i686-mingw32/bin/../lib/gcc/nios2-elf/4.1.2/../../../../nios2-elf/lib/mno-hw-mul\libsmallc.a(lib_a-atexit.o)
 .bss           0x000039fc        0x0 c:/altera/13.0sp1/nios2eds/bin/gnu/h-i686-mingw32/bin/../lib/gcc/nios2-elf/4.1.2/../../../../nios2-elf/lib/mno-hw-mul\libsmallc.a(lib_a-exit.o)
 .bss           0x000039fc        0x0 c:/altera/13.0sp1/nios2eds/bin/gnu/h-i686-mingw32/bin/../lib/gcc/nios2-elf/4.1.2/../../../../nios2-elf/lib/mno-hw-mul\libsmallc.a(lib_a-int_errno.o)
 .bss           0x000039fc        0x0 c:/altera/13.0sp1/nios2eds/bin/gnu/h-i686-mingw32/bin/../lib/gcc/nios2-elf/4.1.2/../../../../nios2-elf/lib/mno-hw-mul\libsmallc.a(lib_a-memcmp.o)
 .bss           0x000039fc        0x0 c:/altera/13.0sp1/nios2eds/bin/gnu/h-i686-mingw32/bin/../lib/gcc/nios2-elf/4.1.2/../../../../nios2-elf/lib/mno-hw-mul\libsmallc.a(lib_a-strlen.o)
 .bss           0x000039fc        0x0 c:/altera/13.0sp1/nios2eds/bin/gnu/h-i686-mingw32/bin/../lib/gcc/nios2-elf/4.1.2/../../../../nios2-elf/lib/mno-hw-mul\libsmallc.a(lib_a-__atexit.o)
 .bss           0x000039fc        0x0 c:/altera/13.0sp1/nios2eds/bin/gnu/h-i686-mingw32/bin/../lib/gcc/nios2-elf/4.1.2/../../../../nios2-elf/lib/mno-hw-mul\libsmallc.a(lib_a-__call_atexit.o)
 .bss           0x000039fc        0x0 c:/altera/13.0sp1/nios2eds/bin/gnu/h-i686-mingw32/bin/../lib/gcc/nios2-elf/4.1.2/../../../../nios2-elf/lib/mno-hw-mul\libsmallc.a(lib_a-impure.o)
 .bss           0x000039fc        0x0 c:/altera/13.0sp1/nios2eds/bin/gnu/h-i686-mingw32/bin/../lib/gcc/nios2-elf/4.1.2/mno-hw-mul\libgcc.a(lib2-mul.o)
 .bss           0x000039fc        0x0 ../lights_bsp/\libhal_bsp.a(alt_exit.o)
 *(COMMON)
 COMMON         0x000039fc       0x8c c:/altera/13.0sp1/nios2eds/bin/gnu/h-i686-mingw32/bin/../lib/gcc/nios2-elf/4.1.2/../../../../nios2-elf/lib/mno-hw-mul\libsmallc.a(lib_a-atexit.o)
                0x000039fc                _atexit0
                0x00003a88                . = ALIGN (0x4)
                0x00003a88                __bss_end = ABSOLUTE (.)

.onchip_memory2_0
                0x00003a88        0x0
                0x00003a88                PROVIDE (_alt_partition_onchip_memory2_0_start, ABSOLUTE (.))
 *(.onchip_memory2_0. onchip_memory2_0.*)
                0x00003a88                . = ALIGN (0x4)
                0x00003a88                PROVIDE (_alt_partition_onchip_memory2_0_end, ABSOLUTE (.))
                0x00003a88                _end = ABSOLUTE (.)
                0x00003a88                end = ABSOLUTE (.)
                0x00003a88                __alt_stack_base = ABSOLUTE (.)
                0x00003a88                PROVIDE (_alt_partition_onchip_memory2_0_load_addr, LOADADDR (.onchip_memory2_0))

.stab
 *(.stab)

.stabstr
 *(.stabstr)

.stab.excl
 *(.stab.excl)

.stab.exclstr
 *(.stab.exclstr)

.stab.index
 *(.stab.index)

.stab.indexstr
 *(.stab.indexstr)

.comment        0x00000000       0x26
 *(.comment)
 .comment       0x00000000       0x26 obj/default/lights.o
                                 0x27 (size before relaxing)
 .comment       0x00000000       0x27 ../lights_bsp/\libhal_bsp.a(alt_load.o)
 .comment       0x00000000       0x27 ../lights_bsp/\libhal_bsp.a(alt_main.o)
 .comment       0x00000000       0x27 ../lights_bsp/\libhal_bsp.a(alt_sys_init.o)
 .comment       0x00000000       0x27 ../lights_bsp/\libhal_bsp.a(altera_avalon_jtag_uart_fd.o)
 .comment       0x00000000       0x27 ../lights_bsp/\libhal_bsp.a(altera_avalon_jtag_uart_read.o)
 .comment       0x00000000       0x27 ../lights_bsp/\libhal_bsp.a(altera_avalon_jtag_uart_write.o)
 .comment       0x00000000       0x27 ../lights_bsp/\libhal_bsp.a(alt_close.o)
 .comment       0x00000000       0x27 ../lights_bsp/\libhal_bsp.a(alt_dcache_flush_all.o)
 .comment       0x00000000       0x27 ../lights_bsp/\libhal_bsp.a(alt_dev.o)
 .comment       0x00000000       0x27 ../lights_bsp/\libhal_bsp.a(alt_dev_llist_insert.o)
 .comment       0x00000000       0x27 ../lights_bsp/\libhal_bsp.a(alt_do_ctors.o)
 .comment       0x00000000       0x27 ../lights_bsp/\libhal_bsp.a(alt_do_dtors.o)
 .comment       0x00000000       0x27 ../lights_bsp/\libhal_bsp.a(alt_errno.o)
 .comment       0x00000000       0x27 ../lights_bsp/\libhal_bsp.a(alt_icache_flush_all.o)
 .comment       0x00000000       0x27 ../lights_bsp/\libhal_bsp.a(alt_io_redirect.o)
 .comment       0x00000000       0x27 ../lights_bsp/\libhal_bsp.a(alt_open.o)
 .comment       0x00000000       0x27 ../lights_bsp/\libhal_bsp.a(alt_release_fd.o)
 .comment       0x00000000       0x27 ../lights_bsp/\libhal_bsp.a(altera_nios2_qsys_irq.o)
 .comment       0x00000000       0x27 ../lights_bsp/\libhal_bsp.a(alt_find_dev.o)
 .comment       0x00000000       0x27 ../lights_bsp/\libhal_bsp.a(alt_find_file.o)
 .comment       0x00000000       0x27 ../lights_bsp/\libhal_bsp.a(alt_get_fd.o)
 .comment       0x00000000       0x27 c:/altera/13.0sp1/nios2eds/bin/gnu/h-i686-mingw32/bin/../lib/gcc/nios2-elf/4.1.2/../../../../nios2-elf/lib/mno-hw-mul\libsmallc.a(lib_a-atexit.o)
 .comment       0x00000000       0x27 c:/altera/13.0sp1/nios2eds/bin/gnu/h-i686-mingw32/bin/../lib/gcc/nios2-elf/4.1.2/../../../../nios2-elf/lib/mno-hw-mul\libsmallc.a(lib_a-exit.o)
 .comment       0x00000000       0x27 c:/altera/13.0sp1/nios2eds/bin/gnu/h-i686-mingw32/bin/../lib/gcc/nios2-elf/4.1.2/../../../../nios2-elf/lib/mno-hw-mul\libsmallc.a(lib_a-int_errno.o)
 .comment       0x00000000       0x27 c:/altera/13.0sp1/nios2eds/bin/gnu/h-i686-mingw32/bin/../lib/gcc/nios2-elf/4.1.2/../../../../nios2-elf/lib/mno-hw-mul\libsmallc.a(lib_a-memcmp.o)
 .comment       0x00000000       0x27 c:/altera/13.0sp1/nios2eds/bin/gnu/h-i686-mingw32/bin/../lib/gcc/nios2-elf/4.1.2/../../../../nios2-elf/lib/mno-hw-mul\libsmallc.a(lib_a-strlen.o)
 .comment       0x00000000       0x27 c:/altera/13.0sp1/nios2eds/bin/gnu/h-i686-mingw32/bin/../lib/gcc/nios2-elf/4.1.2/../../../../nios2-elf/lib/mno-hw-mul\libsmallc.a(lib_a-__atexit.o)
 .comment       0x00000000       0x27 c:/altera/13.0sp1/nios2eds/bin/gnu/h-i686-mingw32/bin/../lib/gcc/nios2-elf/4.1.2/../../../../nios2-elf/lib/mno-hw-mul\libsmallc.a(lib_a-__call_atexit.o)
 .comment       0x00000000       0x27 c:/altera/13.0sp1/nios2eds/bin/gnu/h-i686-mingw32/bin/../lib/gcc/nios2-elf/4.1.2/../../../../nios2-elf/lib/mno-hw-mul\libsmallc.a(lib_a-impure.o)
 .comment       0x00000000       0x27 c:/altera/13.0sp1/nios2eds/bin/gnu/h-i686-mingw32/bin/../lib/gcc/nios2-elf/4.1.2/mno-hw-mul\libgcc.a(lib2-mul.o)
 .comment       0x00000000       0x27 ../lights_bsp/\libhal_bsp.a(alt_exit.o)

.debug
 *(.debug)

.line
 *(.line)

.debug_srcinfo
 *(.debug_srcinfo)

.debug_sfnames
 *(.debug_sfnames)

.debug_aranges  0x00000000      0x3c8
 *(.debug_aranges)
 .debug_aranges
                0x00000000       0x28 ../lights_bsp//obj/HAL/src/crt0.o
 .debug_aranges
                0x00000028       0x20 obj/default/lights.o
 .debug_aranges
                0x00000048       0x20 ../lights_bsp/\libhal_bsp.a(alt_load.o)
 .debug_aranges
                0x00000068       0x20 ../lights_bsp/\libhal_bsp.a(alt_main.o)
 .debug_aranges
                0x00000088       0x20 ../lights_bsp/\libhal_bsp.a(alt_sys_init.o)
 .debug_aranges
                0x000000a8       0x20 ../lights_bsp/\libhal_bsp.a(altera_avalon_jtag_uart_fd.o)
 .debug_aranges
                0x000000c8       0x20 ../lights_bsp/\libhal_bsp.a(altera_avalon_jtag_uart_read.o)
 .debug_aranges
                0x000000e8       0x20 ../lights_bsp/\libhal_bsp.a(altera_avalon_jtag_uart_write.o)
 .debug_aranges
                0x00000108       0x20 ../lights_bsp/\libhal_bsp.a(alt_close.o)
 .debug_aranges
                0x00000128       0x20 ../lights_bsp/\libhal_bsp.a(alt_dcache_flush_all.o)
 .debug_aranges
                0x00000148       0x20 ../lights_bsp/\libhal_bsp.a(alt_dev.o)
 .debug_aranges
                0x00000168       0x20 ../lights_bsp/\libhal_bsp.a(alt_dev_llist_insert.o)
 .debug_aranges
                0x00000188       0x20 ../lights_bsp/\libhal_bsp.a(alt_do_ctors.o)
 .debug_aranges
                0x000001a8       0x20 ../lights_bsp/\libhal_bsp.a(alt_do_dtors.o)
 .debug_aranges
                0x000001c8       0x20 ../lights_bsp/\libhal_bsp.a(alt_icache_flush_all.o)
 .debug_aranges
                0x000001e8       0x20 ../lights_bsp/\libhal_bsp.a(alt_io_redirect.o)
 .debug_aranges
                0x00000208       0x20 ../lights_bsp/\libhal_bsp.a(alt_open.o)
 .debug_aranges
                0x00000228       0x20 ../lights_bsp/\libhal_bsp.a(alt_release_fd.o)
 .debug_aranges
                0x00000248       0x20 ../lights_bsp/\libhal_bsp.a(altera_nios2_qsys_irq.o)
 .debug_aranges
                0x00000268       0x20 ../lights_bsp/\libhal_bsp.a(alt_find_dev.o)
 .debug_aranges
                0x00000288       0x20 ../lights_bsp/\libhal_bsp.a(alt_find_file.o)
 .debug_aranges
                0x000002a8       0x20 ../lights_bsp/\libhal_bsp.a(alt_get_fd.o)
 .debug_aranges
                0x000002c8       0x20 c:/altera/13.0sp1/nios2eds/bin/gnu/h-i686-mingw32/bin/../lib/gcc/nios2-elf/4.1.2/../../../../nios2-elf/lib/mno-hw-mul\libsmallc.a(lib_a-atexit.o)
 .debug_aranges
                0x000002e8       0x20 c:/altera/13.0sp1/nios2eds/bin/gnu/h-i686-mingw32/bin/../lib/gcc/nios2-elf/4.1.2/../../../../nios2-elf/lib/mno-hw-mul\libsmallc.a(lib_a-exit.o)
 .debug_aranges
                0x00000308       0x20 c:/altera/13.0sp1/nios2eds/bin/gnu/h-i686-mingw32/bin/../lib/gcc/nios2-elf/4.1.2/../../../../nios2-elf/lib/mno-hw-mul\libsmallc.a(lib_a-memcmp.o)
 .debug_aranges
                0x00000328       0x20 c:/altera/13.0sp1/nios2eds/bin/gnu/h-i686-mingw32/bin/../lib/gcc/nios2-elf/4.1.2/../../../../nios2-elf/lib/mno-hw-mul\libsmallc.a(lib_a-strlen.o)
 .debug_aranges
                0x00000348       0x20 c:/altera/13.0sp1/nios2eds/bin/gnu/h-i686-mingw32/bin/../lib/gcc/nios2-elf/4.1.2/../../../../nios2-elf/lib/mno-hw-mul\libsmallc.a(lib_a-__atexit.o)
 .debug_aranges
                0x00000368       0x20 c:/altera/13.0sp1/nios2eds/bin/gnu/h-i686-mingw32/bin/../lib/gcc/nios2-elf/4.1.2/../../../../nios2-elf/lib/mno-hw-mul\libsmallc.a(lib_a-__call_atexit.o)
 .debug_aranges
                0x00000388       0x20 c:/altera/13.0sp1/nios2eds/bin/gnu/h-i686-mingw32/bin/../lib/gcc/nios2-elf/4.1.2/mno-hw-mul\libgcc.a(lib2-mul.o)
 .debug_aranges
                0x000003a8       0x20 ../lights_bsp/\libhal_bsp.a(alt_exit.o)

.debug_pubnames
                0x00000000      0x535
 *(.debug_pubnames)
 .debug_pubnames
                0x00000000       0x1b obj/default/lights.o
 .debug_pubnames
                0x0000001b       0x1f ../lights_bsp/\libhal_bsp.a(alt_load.o)
 .debug_pubnames
                0x0000003a       0x46 ../lights_bsp/\libhal_bsp.a(alt_main.o)
 .debug_pubnames
                0x00000080       0x34 ../lights_bsp/\libhal_bsp.a(alt_sys_init.o)
 .debug_pubnames
                0x000000b4       0x5b ../lights_bsp/\libhal_bsp.a(altera_avalon_jtag_uart_fd.o)
 .debug_pubnames
                0x0000010f       0x33 ../lights_bsp/\libhal_bsp.a(altera_avalon_jtag_uart_read.o)
 .debug_pubnames
                0x00000142       0x34 ../lights_bsp/\libhal_bsp.a(altera_avalon_jtag_uart_write.o)
 .debug_pubnames
                0x00000176       0x1c ../lights_bsp/\libhal_bsp.a(alt_close.o)
 .debug_pubnames
                0x00000192       0x2b ../lights_bsp/\libhal_bsp.a(alt_dcache_flush_all.o)
 .debug_pubnames
                0x000001bd       0x63 ../lights_bsp/\libhal_bsp.a(alt_dev.o)
 .debug_pubnames
                0x00000220       0x2b ../lights_bsp/\libhal_bsp.a(alt_dev_llist_insert.o)
 .debug_pubnames
                0x0000024b       0x20 ../lights_bsp/\libhal_bsp.a(alt_do_ctors.o)
 .debug_pubnames
                0x0000026b       0x20 ../lights_bsp/\libhal_bsp.a(alt_do_dtors.o)
 .debug_pubnames
                0x0000028b       0x20 ../lights_bsp/\libhal_bsp.a(alt_errno.o)
 .debug_pubnames
                0x000002ab       0x2b ../lights_bsp/\libhal_bsp.a(alt_icache_flush_all.o)
 .debug_pubnames
                0x000002d6       0x26 ../lights_bsp/\libhal_bsp.a(alt_io_redirect.o)
 .debug_pubnames
                0x000002fc       0x1b ../lights_bsp/\libhal_bsp.a(alt_open.o)
 .debug_pubnames
                0x00000317       0x25 ../lights_bsp/\libhal_bsp.a(alt_release_fd.o)
 .debug_pubnames
                0x0000033c       0x31 ../lights_bsp/\libhal_bsp.a(altera_nios2_qsys_irq.o)
 .debug_pubnames
                0x0000036d       0x23 ../lights_bsp/\libhal_bsp.a(alt_find_dev.o)
 .debug_pubnames
                0x00000390       0x24 ../lights_bsp/\libhal_bsp.a(alt_find_file.o)
 .debug_pubnames
                0x000003b4       0x21 ../lights_bsp/\libhal_bsp.a(alt_get_fd.o)
 .debug_pubnames
                0x000003d5       0x2a c:/altera/13.0sp1/nios2eds/bin/gnu/h-i686-mingw32/bin/../lib/gcc/nios2-elf/4.1.2/../../../../nios2-elf/lib/mno-hw-mul\libsmallc.a(lib_a-atexit.o)
 .debug_pubnames
                0x000003ff       0x1b c:/altera/13.0sp1/nios2eds/bin/gnu/h-i686-mingw32/bin/../lib/gcc/nios2-elf/4.1.2/../../../../nios2-elf/lib/mno-hw-mul\libsmallc.a(lib_a-exit.o)
 .debug_pubnames
                0x0000041a       0x1c c:/altera/13.0sp1/nios2eds/bin/gnu/h-i686-mingw32/bin/../lib/gcc/nios2-elf/4.1.2/../../../../nios2-elf/lib/mno-hw-mul\libsmallc.a(lib_a-int_errno.o)
 .debug_pubnames
                0x00000436       0x1d c:/altera/13.0sp1/nios2eds/bin/gnu/h-i686-mingw32/bin/../lib/gcc/nios2-elf/4.1.2/../../../../nios2-elf/lib/mno-hw-mul\libsmallc.a(lib_a-memcmp.o)
 .debug_pubnames
                0x00000453       0x1d c:/altera/13.0sp1/nios2eds/bin/gnu/h-i686-mingw32/bin/../lib/gcc/nios2-elf/4.1.2/../../../../nios2-elf/lib/mno-hw-mul\libsmallc.a(lib_a-strlen.o)
 .debug_pubnames
                0x00000470       0x2a c:/altera/13.0sp1/nios2eds/bin/gnu/h-i686-mingw32/bin/../lib/gcc/nios2-elf/4.1.2/../../../../nios2-elf/lib/mno-hw-mul\libsmallc.a(lib_a-__atexit.o)
 .debug_pubnames
                0x0000049a       0x27 c:/altera/13.0sp1/nios2eds/bin/gnu/h-i686-mingw32/bin/../lib/gcc/nios2-elf/4.1.2/../../../../nios2-elf/lib/mno-hw-mul\libsmallc.a(lib_a-__call_atexit.o)
 .debug_pubnames
                0x000004c1       0x39 c:/altera/13.0sp1/nios2eds/bin/gnu/h-i686-mingw32/bin/../lib/gcc/nios2-elf/4.1.2/../../../../nios2-elf/lib/mno-hw-mul\libsmallc.a(lib_a-impure.o)
 .debug_pubnames
                0x000004fa       0x1f c:/altera/13.0sp1/nios2eds/bin/gnu/h-i686-mingw32/bin/../lib/gcc/nios2-elf/4.1.2/mno-hw-mul\libgcc.a(lib2-mul.o)
 .debug_pubnames
                0x00000519       0x1c ../lights_bsp/\libhal_bsp.a(alt_exit.o)

.debug_info     0x00000000     0x6120
 *(.debug_info .gnu.linkonce.wi.*)
 .debug_info    0x00000000       0x69 ../lights_bsp//obj/HAL/src/crt0.o
 .debug_info    0x00000069       0x78 obj/default/lights.o
 .debug_info    0x000000e1      0x27b ../lights_bsp/\libhal_bsp.a(alt_load.o)
 .debug_info    0x0000035c      0x213 ../lights_bsp/\libhal_bsp.a(alt_main.o)
 .debug_info    0x0000056f      0x567 ../lights_bsp/\libhal_bsp.a(alt_sys_init.o)
 .debug_info    0x00000ad6      0x5a7 ../lights_bsp/\libhal_bsp.a(altera_avalon_jtag_uart_fd.o)
 .debug_info    0x0000107d      0x2f7 ../lights_bsp/\libhal_bsp.a(altera_avalon_jtag_uart_read.o)
 .debug_info    0x00001374      0x2d4 ../lights_bsp/\libhal_bsp.a(altera_avalon_jtag_uart_write.o)
 .debug_info    0x00001648      0x455 ../lights_bsp/\libhal_bsp.a(alt_close.o)
 .debug_info    0x00001a9d      0x14a ../lights_bsp/\libhal_bsp.a(alt_dcache_flush_all.o)
 .debug_info    0x00001be7      0x66d ../lights_bsp/\libhal_bsp.a(alt_dev.o)
 .debug_info    0x00002254      0x2a5 ../lights_bsp/\libhal_bsp.a(alt_dev_llist_insert.o)
 .debug_info    0x000024f9       0xfd ../lights_bsp/\libhal_bsp.a(alt_do_ctors.o)
 .debug_info    0x000025f6       0xfc ../lights_bsp/\libhal_bsp.a(alt_do_dtors.o)
 .debug_info    0x000026f2      0x152 ../lights_bsp/\libhal_bsp.a(alt_errno.o)
 .debug_info    0x00002844      0x14a ../lights_bsp/\libhal_bsp.a(alt_icache_flush_all.o)
 .debug_info    0x0000298e      0x683 ../lights_bsp/\libhal_bsp.a(alt_io_redirect.o)
 .debug_info    0x00003011      0x513 ../lights_bsp/\libhal_bsp.a(alt_open.o)
 .debug_info    0x00003524      0x3e0 ../lights_bsp/\libhal_bsp.a(alt_release_fd.o)
 .debug_info    0x00003904      0x151 ../lights_bsp/\libhal_bsp.a(altera_nios2_qsys_irq.o)
 .debug_info    0x00003a55      0x406 ../lights_bsp/\libhal_bsp.a(alt_find_dev.o)
 .debug_info    0x00003e5b      0x40d ../lights_bsp/\libhal_bsp.a(alt_find_file.o)
 .debug_info    0x00004268      0x44e ../lights_bsp/\libhal_bsp.a(alt_get_fd.o)
 .debug_info    0x000046b6      0x186 c:/altera/13.0sp1/nios2eds/bin/gnu/h-i686-mingw32/bin/../lib/gcc/nios2-elf/4.1.2/../../../../nios2-elf/lib/mno-hw-mul\libsmallc.a(lib_a-atexit.o)
 .debug_info    0x0000483c       0x9f c:/altera/13.0sp1/nios2eds/bin/gnu/h-i686-mingw32/bin/../lib/gcc/nios2-elf/4.1.2/../../../../nios2-elf/lib/mno-hw-mul\libsmallc.a(lib_a-exit.o)
 .debug_info    0x000048db       0x8c c:/altera/13.0sp1/nios2eds/bin/gnu/h-i686-mingw32/bin/../lib/gcc/nios2-elf/4.1.2/../../../../nios2-elf/lib/mno-hw-mul\libsmallc.a(lib_a-int_errno.o)
 .debug_info    0x00004967       0xef c:/altera/13.0sp1/nios2eds/bin/gnu/h-i686-mingw32/bin/../lib/gcc/nios2-elf/4.1.2/../../../../nios2-elf/lib/mno-hw-mul\libsmallc.a(lib_a-memcmp.o)
 .debug_info    0x00004a56       0xc2 c:/altera/13.0sp1/nios2eds/bin/gnu/h-i686-mingw32/bin/../lib/gcc/nios2-elf/4.1.2/../../../../nios2-elf/lib/mno-hw-mul\libsmallc.a(lib_a-strlen.o)
 .debug_info    0x00004b18      0x68f c:/altera/13.0sp1/nios2eds/bin/gnu/h-i686-mingw32/bin/../lib/gcc/nios2-elf/4.1.2/../../../../nios2-elf/lib/mno-hw-mul\libsmallc.a(lib_a-__atexit.o)
 .debug_info    0x000051a7      0x6d5 c:/altera/13.0sp1/nios2eds/bin/gnu/h-i686-mingw32/bin/../lib/gcc/nios2-elf/4.1.2/../../../../nios2-elf/lib/mno-hw-mul\libsmallc.a(lib_a-__call_atexit.o)
 .debug_info    0x0000587c      0x636 c:/altera/13.0sp1/nios2eds/bin/gnu/h-i686-mingw32/bin/../lib/gcc/nios2-elf/4.1.2/../../../../nios2-elf/lib/mno-hw-mul\libsmallc.a(lib_a-impure.o)
 .debug_info    0x00005eb2       0xf3 c:/altera/13.0sp1/nios2eds/bin/gnu/h-i686-mingw32/bin/../lib/gcc/nios2-elf/4.1.2/mno-hw-mul\libgcc.a(lib2-mul.o)
 .debug_info    0x00005fa5      0x17b ../lights_bsp/\libhal_bsp.a(alt_exit.o)

.debug_abbrev   0x00000000     0x16b6
 *(.debug_abbrev)
 .debug_abbrev  0x00000000       0x12 ../lights_bsp//obj/HAL/src/crt0.o
 .debug_abbrev  0x00000012       0x27 obj/default/lights.o
 .debug_abbrev  0x00000039       0x88 ../lights_bsp/\libhal_bsp.a(alt_load.o)
 .debug_abbrev  0x000000c1       0xb7 ../lights_bsp/\libhal_bsp.a(alt_main.o)
 .debug_abbrev  0x00000178      0x121 ../lights_bsp/\libhal_bsp.a(alt_sys_init.o)
 .debug_abbrev  0x00000299       0xcb ../lights_bsp/\libhal_bsp.a(altera_avalon_jtag_uart_fd.o)
 .debug_abbrev  0x00000364       0xb6 ../lights_bsp/\libhal_bsp.a(altera_avalon_jtag_uart_read.o)
 .debug_abbrev  0x0000041a       0xb4 ../lights_bsp/\libhal_bsp.a(altera_avalon_jtag_uart_write.o)
 .debug_abbrev  0x000004ce       0xfb ../lights_bsp/\libhal_bsp.a(alt_close.o)
 .debug_abbrev  0x000005c9       0x3f ../lights_bsp/\libhal_bsp.a(alt_dcache_flush_all.o)
 .debug_abbrev  0x00000608       0xc7 ../lights_bsp/\libhal_bsp.a(alt_dev.o)
 .debug_abbrev  0x000006cf       0xf6 ../lights_bsp/\libhal_bsp.a(alt_dev_llist_insert.o)
 .debug_abbrev  0x000007c5       0x76 ../lights_bsp/\libhal_bsp.a(alt_do_ctors.o)
 .debug_abbrev  0x0000083b       0x76 ../lights_bsp/\libhal_bsp.a(alt_do_dtors.o)
 .debug_abbrev  0x000008b1       0x5e ../lights_bsp/\libhal_bsp.a(alt_errno.o)
 .debug_abbrev  0x0000090f       0x3f ../lights_bsp/\libhal_bsp.a(alt_icache_flush_all.o)
 .debug_abbrev  0x0000094e       0xf0 ../lights_bsp/\libhal_bsp.a(alt_io_redirect.o)
 .debug_abbrev  0x00000a3e      0x112 ../lights_bsp/\libhal_bsp.a(alt_open.o)
 .debug_abbrev  0x00000b50       0xc1 ../lights_bsp/\libhal_bsp.a(alt_release_fd.o)
 .debug_abbrev  0x00000c11       0x3f ../lights_bsp/\libhal_bsp.a(altera_nios2_qsys_irq.o)
 .debug_abbrev  0x00000c50       0xcf ../lights_bsp/\libhal_bsp.a(alt_find_dev.o)
 .debug_abbrev  0x00000d1f       0xcf ../lights_bsp/\libhal_bsp.a(alt_find_file.o)
 .debug_abbrev  0x00000dee       0xfb ../lights_bsp/\libhal_bsp.a(alt_get_fd.o)
 .debug_abbrev  0x00000ee9       0xc6 c:/altera/13.0sp1/nios2eds/bin/gnu/h-i686-mingw32/bin/../lib/gcc/nios2-elf/4.1.2/../../../../nios2-elf/lib/mno-hw-mul\libsmallc.a(lib_a-atexit.o)
 .debug_abbrev  0x00000faf       0x4e c:/altera/13.0sp1/nios2eds/bin/gnu/h-i686-mingw32/bin/../lib/gcc/nios2-elf/4.1.2/../../../../nios2-elf/lib/mno-hw-mul\libsmallc.a(lib_a-exit.o)
 .debug_abbrev  0x00000ffd       0x3b c:/altera/13.0sp1/nios2eds/bin/gnu/h-i686-mingw32/bin/../lib/gcc/nios2-elf/4.1.2/../../../../nios2-elf/lib/mno-hw-mul\libsmallc.a(lib_a-int_errno.o)
 .debug_abbrev  0x00001038       0x7c c:/altera/13.0sp1/nios2eds/bin/gnu/h-i686-mingw32/bin/../lib/gcc/nios2-elf/4.1.2/../../../../nios2-elf/lib/mno-hw-mul\libsmallc.a(lib_a-memcmp.o)
 .debug_abbrev  0x000010b4       0x7a c:/altera/13.0sp1/nios2eds/bin/gnu/h-i686-mingw32/bin/../lib/gcc/nios2-elf/4.1.2/../../../../nios2-elf/lib/mno-hw-mul\libsmallc.a(lib_a-strlen.o)
 .debug_abbrev  0x0000112e      0x196 c:/altera/13.0sp1/nios2eds/bin/gnu/h-i686-mingw32/bin/../lib/gcc/nios2-elf/4.1.2/../../../../nios2-elf/lib/mno-hw-mul\libsmallc.a(lib_a-__atexit.o)
 .debug_abbrev  0x000012c4      0x1c6 c:/altera/13.0sp1/nios2eds/bin/gnu/h-i686-mingw32/bin/../lib/gcc/nios2-elf/4.1.2/../../../../nios2-elf/lib/mno-hw-mul\libsmallc.a(lib_a-__call_atexit.o)
 .debug_abbrev  0x0000148a      0x13f c:/altera/13.0sp1/nios2eds/bin/gnu/h-i686-mingw32/bin/../lib/gcc/nios2-elf/4.1.2/../../../../nios2-elf/lib/mno-hw-mul\libsmallc.a(lib_a-impure.o)
 .debug_abbrev  0x000015c9       0x7b c:/altera/13.0sp1/nios2eds/bin/gnu/h-i686-mingw32/bin/../lib/gcc/nios2-elf/4.1.2/mno-hw-mul\libgcc.a(lib2-mul.o)
 .debug_abbrev  0x00001644       0x72 ../lights_bsp/\libhal_bsp.a(alt_exit.o)

.debug_line     0x00000000     0x4485
 *(.debug_line)
 .debug_line    0x00000000       0x66 ../lights_bsp//obj/HAL/src/crt0.o
 .debug_line    0x00000066       0x65 obj/default/lights.o
 .debug_line    0x000000cb      0x217 ../lights_bsp/\libhal_bsp.a(alt_load.o)
 .debug_line    0x000002e2      0x2ca ../lights_bsp/\libhal_bsp.a(alt_main.o)
 .debug_line    0x000005ac      0x2a6 ../lights_bsp/\libhal_bsp.a(alt_sys_init.o)
 .debug_line    0x00000852      0x1d7 ../lights_bsp/\libhal_bsp.a(altera_avalon_jtag_uart_fd.o)
 .debug_line    0x00000a29      0x343 ../lights_bsp/\libhal_bsp.a(altera_avalon_jtag_uart_read.o)
 .debug_line    0x00000d6c      0x304 ../lights_bsp/\libhal_bsp.a(altera_avalon_jtag_uart_write.o)
 .debug_line    0x00001070      0x299 ../lights_bsp/\libhal_bsp.a(alt_close.o)
 .debug_line    0x00001309      0x1b5 ../lights_bsp/\libhal_bsp.a(alt_dcache_flush_all.o)
 .debug_line    0x000014be      0x254 ../lights_bsp/\libhal_bsp.a(alt_dev.o)
 .debug_line    0x00001712      0x25a ../lights_bsp/\libhal_bsp.a(alt_dev_llist_insert.o)
 .debug_line    0x0000196c       0x83 ../lights_bsp/\libhal_bsp.a(alt_do_ctors.o)
 .debug_line    0x000019ef       0x83 ../lights_bsp/\libhal_bsp.a(alt_do_dtors.o)
 .debug_line    0x00001a72      0x1aa ../lights_bsp/\libhal_bsp.a(alt_errno.o)
 .debug_line    0x00001c1c      0x1b5 ../lights_bsp/\libhal_bsp.a(alt_icache_flush_all.o)
 .debug_line    0x00001dd1      0x2b4 ../lights_bsp/\libhal_bsp.a(alt_io_redirect.o)
 .debug_line    0x00002085      0x2ff ../lights_bsp/\libhal_bsp.a(alt_open.o)
 .debug_line    0x00002384       0xed ../lights_bsp/\libhal_bsp.a(alt_release_fd.o)
 .debug_line    0x00002471      0x1ce ../lights_bsp/\libhal_bsp.a(altera_nios2_qsys_irq.o)
 .debug_line    0x0000263f      0x26b ../lights_bsp/\libhal_bsp.a(alt_find_dev.o)
 .debug_line    0x000028aa      0x27c ../lights_bsp/\libhal_bsp.a(alt_find_file.o)
 .debug_line    0x00002b26      0x297 ../lights_bsp/\libhal_bsp.a(alt_get_fd.o)
 .debug_line    0x00002dbd      0x203 c:/altera/13.0sp1/nios2eds/bin/gnu/h-i686-mingw32/bin/../lib/gcc/nios2-elf/4.1.2/../../../../nios2-elf/lib/mno-hw-mul\libsmallc.a(lib_a-atexit.o)
 .debug_line    0x00002fc0      0x223 c:/altera/13.0sp1/nios2eds/bin/gnu/h-i686-mingw32/bin/../lib/gcc/nios2-elf/4.1.2/../../../../nios2-elf/lib/mno-hw-mul\libsmallc.a(lib_a-exit.o)
 .debug_line    0x000031e3      0x1e2 c:/altera/13.0sp1/nios2eds/bin/gnu/h-i686-mingw32/bin/../lib/gcc/nios2-elf/4.1.2/../../../../nios2-elf/lib/mno-hw-mul\libsmallc.a(lib_a-int_errno.o)
 .debug_line    0x000033c5      0x270 c:/altera/13.0sp1/nios2eds/bin/gnu/h-i686-mingw32/bin/../lib/gcc/nios2-elf/4.1.2/../../../../nios2-elf/lib/mno-hw-mul\libsmallc.a(lib_a-memcmp.o)
 .debug_line    0x00003635      0x250 c:/altera/13.0sp1/nios2eds/bin/gnu/h-i686-mingw32/bin/../lib/gcc/nios2-elf/4.1.2/../../../../nios2-elf/lib/mno-hw-mul\libsmallc.a(lib_a-strlen.o)
 .debug_line    0x00003885      0x350 c:/altera/13.0sp1/nios2eds/bin/gnu/h-i686-mingw32/bin/../lib/gcc/nios2-elf/4.1.2/../../../../nios2-elf/lib/mno-hw-mul\libsmallc.a(lib_a-__atexit.o)
 .debug_line    0x00003bd5      0x360 c:/altera/13.0sp1/nios2eds/bin/gnu/h-i686-mingw32/bin/../lib/gcc/nios2-elf/4.1.2/../../../../nios2-elf/lib/mno-hw-mul\libsmallc.a(lib_a-__call_atexit.o)
 .debug_line    0x00003f35      0x230 c:/altera/13.0sp1/nios2eds/bin/gnu/h-i686-mingw32/bin/../lib/gcc/nios2-elf/4.1.2/../../../../nios2-elf/lib/mno-hw-mul\libsmallc.a(lib_a-impure.o)
 .debug_line    0x00004165      0x11a c:/altera/13.0sp1/nios2eds/bin/gnu/h-i686-mingw32/bin/../lib/gcc/nios2-elf/4.1.2/mno-hw-mul\libgcc.a(lib2-mul.o)
 .debug_line    0x0000427f      0x206 ../lights_bsp/\libhal_bsp.a(alt_exit.o)

.debug_frame    0x00000000      0x61c
 *(.debug_frame)
 .debug_frame   0x00000000       0x2c obj/default/lights.o
 .debug_frame   0x0000002c       0x48 ../lights_bsp/\libhal_bsp.a(alt_load.o)
 .debug_frame   0x00000074       0x2c ../lights_bsp/\libhal_bsp.a(alt_main.o)
 .debug_frame   0x000000a0       0x64 ../lights_bsp/\libhal_bsp.a(alt_sys_init.o)
 .debug_frame   0x00000104       0x48 ../lights_bsp/\libhal_bsp.a(altera_avalon_jtag_uart_fd.o)
 .debug_frame   0x0000014c       0x2c ../lights_bsp/\libhal_bsp.a(altera_avalon_jtag_uart_read.o)
 .debug_frame   0x00000178       0x2c ../lights_bsp/\libhal_bsp.a(altera_avalon_jtag_uart_write.o)
 .debug_frame   0x000001a4       0x48 ../lights_bsp/\libhal_bsp.a(alt_close.o)
 .debug_frame   0x000001ec       0x2c ../lights_bsp/\libhal_bsp.a(alt_dcache_flush_all.o)
 .debug_frame   0x00000218       0x2c ../lights_bsp/\libhal_bsp.a(alt_dev.o)
 .debug_frame   0x00000244       0x48 ../lights_bsp/\libhal_bsp.a(alt_dev_llist_insert.o)
 .debug_frame   0x0000028c       0x2c ../lights_bsp/\libhal_bsp.a(alt_do_ctors.o)
 .debug_frame   0x000002b8       0x2c ../lights_bsp/\libhal_bsp.a(alt_do_dtors.o)
 .debug_frame   0x000002e4       0x2c ../lights_bsp/\libhal_bsp.a(alt_icache_flush_all.o)
 .debug_frame   0x00000310       0x4c ../lights_bsp/\libhal_bsp.a(alt_io_redirect.o)
 .debug_frame   0x0000035c       0x68 ../lights_bsp/\libhal_bsp.a(alt_open.o)
 .debug_frame   0x000003c4       0x30 ../lights_bsp/\libhal_bsp.a(alt_release_fd.o)
 .debug_frame   0x000003f4       0x2c ../lights_bsp/\libhal_bsp.a(altera_nios2_qsys_irq.o)
 .debug_frame   0x00000420       0x2c ../lights_bsp/\libhal_bsp.a(alt_find_dev.o)
 .debug_frame   0x0000044c       0x2c ../lights_bsp/\libhal_bsp.a(alt_find_file.o)
 .debug_frame   0x00000478       0x30 ../lights_bsp/\libhal_bsp.a(alt_get_fd.o)
 .debug_frame   0x000004a8       0x20 c:/altera/13.0sp1/nios2eds/bin/gnu/h-i686-mingw32/bin/../lib/gcc/nios2-elf/4.1.2/../../../../nios2-elf/lib/mno-hw-mul\libsmallc.a(lib_a-atexit.o)
 .debug_frame   0x000004c8       0x2c c:/altera/13.0sp1/nios2eds/bin/gnu/h-i686-mingw32/bin/../lib/gcc/nios2-elf/4.1.2/../../../../nios2-elf/lib/mno-hw-mul\libsmallc.a(lib_a-exit.o)
 .debug_frame   0x000004f4       0x20 c:/altera/13.0sp1/nios2eds/bin/gnu/h-i686-mingw32/bin/../lib/gcc/nios2-elf/4.1.2/../../../../nios2-elf/lib/mno-hw-mul\libsmallc.a(lib_a-memcmp.o)
 .debug_frame   0x00000514       0x20 c:/altera/13.0sp1/nios2eds/bin/gnu/h-i686-mingw32/bin/../lib/gcc/nios2-elf/4.1.2/../../../../nios2-elf/lib/mno-hw-mul\libsmallc.a(lib_a-strlen.o)
 .debug_frame   0x00000534       0x34 c:/altera/13.0sp1/nios2eds/bin/gnu/h-i686-mingw32/bin/../lib/gcc/nios2-elf/4.1.2/../../../../nios2-elf/lib/mno-hw-mul\libsmallc.a(lib_a-__atexit.o)
 .debug_frame   0x00000568       0x4c c:/altera/13.0sp1/nios2eds/bin/gnu/h-i686-mingw32/bin/../lib/gcc/nios2-elf/4.1.2/../../../../nios2-elf/lib/mno-hw-mul\libsmallc.a(lib_a-__call_atexit.o)
 .debug_frame   0x000005b4       0x20 c:/altera/13.0sp1/nios2eds/bin/gnu/h-i686-mingw32/bin/../lib/gcc/nios2-elf/4.1.2/mno-hw-mul\libgcc.a(lib2-mul.o)
 .debug_frame   0x000005d4       0x48 ../lights_bsp/\libhal_bsp.a(alt_exit.o)

.debug_str      0x00000000      0x97b
 *(.debug_str)
 .debug_str     0x00000000       0x12 ../lights_bsp/\libhal_bsp.a(alt_load.o)
 .debug_str     0x00000012       0x12 ../lights_bsp/\libhal_bsp.a(alt_main.o)
 .debug_str     0x00000024       0x12 ../lights_bsp/\libhal_bsp.a(alt_sys_init.o)
 .debug_str     0x00000036       0x12 ../lights_bsp/\libhal_bsp.a(altera_avalon_jtag_uart_read.o)
 .debug_str     0x00000048       0x12 ../lights_bsp/\libhal_bsp.a(altera_avalon_jtag_uart_write.o)
 .debug_str     0x0000005a       0x12 ../lights_bsp/\libhal_bsp.a(alt_close.o)
 .debug_str     0x0000006c       0x12 ../lights_bsp/\libhal_bsp.a(alt_dcache_flush_all.o)
 .debug_str     0x0000007e       0x12 ../lights_bsp/\libhal_bsp.a(alt_dev.o)
 .debug_str     0x00000090       0x12 ../lights_bsp/\libhal_bsp.a(alt_dev_llist_insert.o)
 .debug_str     0x000000a2       0x12 ../lights_bsp/\libhal_bsp.a(alt_errno.o)
 .debug_str     0x000000b4       0x12 ../lights_bsp/\libhal_bsp.a(alt_icache_flush_all.o)
 .debug_str     0x000000c6       0x12 ../lights_bsp/\libhal_bsp.a(alt_io_redirect.o)
 .debug_str     0x000000d8       0x12 ../lights_bsp/\libhal_bsp.a(alt_open.o)
 .debug_str     0x000000ea       0x12 ../lights_bsp/\libhal_bsp.a(altera_nios2_qsys_irq.o)
 .debug_str     0x000000fc       0x12 ../lights_bsp/\libhal_bsp.a(alt_find_dev.o)
 .debug_str     0x0000010e       0x12 ../lights_bsp/\libhal_bsp.a(alt_find_file.o)
 .debug_str     0x00000120       0x12 ../lights_bsp/\libhal_bsp.a(alt_get_fd.o)
 .debug_str     0x00000132      0x19f c:/altera/13.0sp1/nios2eds/bin/gnu/h-i686-mingw32/bin/../lib/gcc/nios2-elf/4.1.2/../../../../nios2-elf/lib/mno-hw-mul\libsmallc.a(lib_a-atexit.o)
                                0x1e5 (size before relaxing)
 .debug_str     0x000002d1       0x41 c:/altera/13.0sp1/nios2eds/bin/gnu/h-i686-mingw32/bin/../lib/gcc/nios2-elf/4.1.2/../../../../nios2-elf/lib/mno-hw-mul\libsmallc.a(lib_a-exit.o)
                                0x178 (size before relaxing)
 .debug_str     0x00000312       0xdc c:/altera/13.0sp1/nios2eds/bin/gnu/h-i686-mingw32/bin/../lib/gcc/nios2-elf/4.1.2/../../../../nios2-elf/lib/mno-hw-mul\libsmallc.a(lib_a-int_errno.o)
                                0x177 (size before relaxing)
 .debug_str     0x000003ee       0xe9 c:/altera/13.0sp1/nios2eds/bin/gnu/h-i686-mingw32/bin/../lib/gcc/nios2-elf/4.1.2/../../../../nios2-elf/lib/mno-hw-mul\libsmallc.a(lib_a-memcmp.o)
                                0x17e (size before relaxing)
 .debug_str     0x000004d7       0x45 c:/altera/13.0sp1/nios2eds/bin/gnu/h-i686-mingw32/bin/../lib/gcc/nios2-elf/4.1.2/../../../../nios2-elf/lib/mno-hw-mul\libsmallc.a(lib_a-strlen.o)
                                0x184 (size before relaxing)
 .debug_str     0x0000051c      0x2b0 c:/altera/13.0sp1/nios2eds/bin/gnu/h-i686-mingw32/bin/../lib/gcc/nios2-elf/4.1.2/../../../../nios2-elf/lib/mno-hw-mul\libsmallc.a(lib_a-__atexit.o)
                                0x467 (size before relaxing)
 .debug_str     0x000007cc       0x7e c:/altera/13.0sp1/nios2eds/bin/gnu/h-i686-mingw32/bin/../lib/gcc/nios2-elf/4.1.2/../../../../nios2-elf/lib/mno-hw-mul\libsmallc.a(lib_a-__call_atexit.o)
                                0x491 (size before relaxing)
 .debug_str     0x0000084a       0x49 c:/altera/13.0sp1/nios2eds/bin/gnu/h-i686-mingw32/bin/../lib/gcc/nios2-elf/4.1.2/../../../../nios2-elf/lib/mno-hw-mul\libsmallc.a(lib_a-impure.o)
                                0x45d (size before relaxing)
 .debug_str     0x00000893       0xcc c:/altera/13.0sp1/nios2eds/bin/gnu/h-i686-mingw32/bin/../lib/gcc/nios2-elf/4.1.2/mno-hw-mul\libgcc.a(lib2-mul.o)
                                0x175 (size before relaxing)
 .debug_str     0x0000095f       0x1c ../lights_bsp/\libhal_bsp.a(alt_exit.o)

.debug_loc      0x00000000      0x99a
 *(.debug_loc)
 .debug_loc     0x00000000       0x2b obj/default/lights.o
 .debug_loc     0x0000002b       0x56 ../lights_bsp/\libhal_bsp.a(alt_load.o)
 .debug_loc     0x00000081       0x2b ../lights_bsp/\libhal_bsp.a(alt_main.o)
 .debug_loc     0x000000ac       0x81 ../lights_bsp/\libhal_bsp.a(alt_sys_init.o)
 .debug_loc     0x0000012d       0x56 ../lights_bsp/\libhal_bsp.a(altera_avalon_jtag_uart_fd.o)
 .debug_loc     0x00000183       0x2b ../lights_bsp/\libhal_bsp.a(altera_avalon_jtag_uart_read.o)
 .debug_loc     0x000001ae       0x2b ../lights_bsp/\libhal_bsp.a(altera_avalon_jtag_uart_write.o)
 .debug_loc     0x000001d9       0x56 ../lights_bsp/\libhal_bsp.a(alt_close.o)
 .debug_loc     0x0000022f       0x2b ../lights_bsp/\libhal_bsp.a(alt_dcache_flush_all.o)
 .debug_loc     0x0000025a       0x2b ../lights_bsp/\libhal_bsp.a(alt_dev.o)
 .debug_loc     0x00000285       0x56 ../lights_bsp/\libhal_bsp.a(alt_dev_llist_insert.o)
 .debug_loc     0x000002db       0x2b ../lights_bsp/\libhal_bsp.a(alt_do_ctors.o)
 .debug_loc     0x00000306       0x2b ../lights_bsp/\libhal_bsp.a(alt_do_dtors.o)
 .debug_loc     0x00000331       0x2b ../lights_bsp/\libhal_bsp.a(alt_icache_flush_all.o)
 .debug_loc     0x0000035c       0x56 ../lights_bsp/\libhal_bsp.a(alt_io_redirect.o)
 .debug_loc     0x000003b2       0x81 ../lights_bsp/\libhal_bsp.a(alt_open.o)
 .debug_loc     0x00000433       0x2b ../lights_bsp/\libhal_bsp.a(alt_release_fd.o)
 .debug_loc     0x0000045e       0x2b ../lights_bsp/\libhal_bsp.a(altera_nios2_qsys_irq.o)
 .debug_loc     0x00000489       0x2b ../lights_bsp/\libhal_bsp.a(alt_find_dev.o)
 .debug_loc     0x000004b4       0x2b ../lights_bsp/\libhal_bsp.a(alt_find_file.o)
 .debug_loc     0x000004df       0x2b ../lights_bsp/\libhal_bsp.a(alt_get_fd.o)
 .debug_loc     0x0000050a       0x1e c:/altera/13.0sp1/nios2eds/bin/gnu/h-i686-mingw32/bin/../lib/gcc/nios2-elf/4.1.2/../../../../nios2-elf/lib/mno-hw-mul\libsmallc.a(lib_a-atexit.o)
 .debug_loc     0x00000528       0x3d c:/altera/13.0sp1/nios2eds/bin/gnu/h-i686-mingw32/bin/../lib/gcc/nios2-elf/4.1.2/../../../../nios2-elf/lib/mno-hw-mul\libsmallc.a(lib_a-exit.o)
 .debug_loc     0x00000565       0x70 c:/altera/13.0sp1/nios2eds/bin/gnu/h-i686-mingw32/bin/../lib/gcc/nios2-elf/4.1.2/../../../../nios2-elf/lib/mno-hw-mul\libsmallc.a(lib_a-memcmp.o)
 .debug_loc     0x000005d5       0x1e c:/altera/13.0sp1/nios2eds/bin/gnu/h-i686-mingw32/bin/../lib/gcc/nios2-elf/4.1.2/../../../../nios2-elf/lib/mno-hw-mul\libsmallc.a(lib_a-strlen.o)
 .debug_loc     0x000005f3      0x141 c:/altera/13.0sp1/nios2eds/bin/gnu/h-i686-mingw32/bin/../lib/gcc/nios2-elf/4.1.2/../../../../nios2-elf/lib/mno-hw-mul\libsmallc.a(lib_a-__atexit.o)
 .debug_loc     0x00000734      0x1c1 c:/altera/13.0sp1/nios2eds/bin/gnu/h-i686-mingw32/bin/../lib/gcc/nios2-elf/4.1.2/../../../../nios2-elf/lib/mno-hw-mul\libsmallc.a(lib_a-__call_atexit.o)
 .debug_loc     0x000008f5       0x4f c:/altera/13.0sp1/nios2eds/bin/gnu/h-i686-mingw32/bin/../lib/gcc/nios2-elf/4.1.2/mno-hw-mul\libgcc.a(lib2-mul.o)
 .debug_loc     0x00000944       0x56 ../lights_bsp/\libhal_bsp.a(alt_exit.o)

.debug_macinfo
 *(.debug_macinfo)

.debug_weaknames
 *(.debug_weaknames)

.debug_funcnames
 *(.debug_funcnames)

.debug_typenames
 *(.debug_typenames)

.debug_varnames
 *(.debug_varnames)

.debug_alt_sim_info
                0x00000000       0x10
 *(.debug_alt_sim_info)
 .debug_alt_sim_info
                0x00000000       0x10 ../lights_bsp//obj/HAL/src/crt0.o
                0x00004000                __alt_data_end = 0x4000
                0x00004000                PROVIDE (__alt_stack_pointer, __alt_data_end)
                0x00003a88                PROVIDE (__alt_stack_limit, __alt_stack_base)
                0x00003a88                PROVIDE (__alt_heap_start, end)
                0x00004000                PROVIDE (__alt_heap_limit, 0x4000)
OUTPUT(lights.elf elf32-littlenios2)

.debug_ranges   0x00000000       0x38
 .debug_ranges  0x00000000       0x20 ../lights_bsp//obj/HAL/src/crt0.o
 .debug_ranges  0x00000020       0x18 c:/altera/13.0sp1/nios2eds/bin/gnu/h-i686-mingw32/bin/../lib/gcc/nios2-elf/4.1.2/../../../../nios2-elf/lib/mno-hw-mul\libsmallc.a(lib_a-__call_atexit.o)
